2026-06-01 00:51:21,021 [INFO] root: Logging system initialized.
2026-06-01 00:51:21,021 [INFO] Main: 🚀 Iniciando Sistema de Stock y Escaneo...
2026-06-01 00:51:21,025 [INFO] DatabaseManager: Database initialized at /home/adrian/projects/stock-scan-python/data/stock_pro.db
2026-06-01 00:51:21,025 [INFO] Main: ✅ Base de datos conectada.
2026-06-01 00:51:21,025 [INFO] Main: ✅ Hardware Abstraction Layer (HAL) y ScannerService cargados.
2026-06-01 00:51:21,025 [INFO] Main: ✅ Servicios del núcleo cargados.
2026-06-01 00:51:21,025 [INFO] Main: ✅ Command Dispatcher operativo.
2026-06-01 00:51:21,026 [CRITICAL] Main: ❌ Error fatal durante el arranque: [Errno 98] Address already in use
Traceback (most recent call last):
  File "/home/adrian/projects/stock-scan-python/main.py", line 70, in main
    web_server.start()
  File "/home/adrian/projects/stock-scan-python/src/ui/web_server.py", line 157, in start
    self.server = HTTPServer(("0.0.0.0", self.port), handler_class)
  File "/usr/lib/python3.10/socketserver.py", line 452, in __init__
    self.server_bind()
  File "/usr/lib/python3.10/http/server.py", line 137, in server_bind
    socketserver.TCPServer.server_bind(self)
  File "/usr/lib/python3.10/socketserver.py", line 466, in server_bind
    self.socket.bind(self.server_address)
OSError: [Errno 98] Address already in use
